// Jest Snapshot v1, https://goo.gl/fbAQLP

exports[`Chart Component should render correctly with no props 1`] = `ShallowWrapper {}`;

exports[`Graph Component should render correctly with no props 1`] = `ShallowWrapper {}`;
